Vivado 2023.2 Power Analysis Report
Device: Artix-7 XC7A35T
Conditions: 1.0V Vccint, 25 deg C, Typical, Clock 50 MHz, Activity 70%

Total On-Chip Power: 0.310 mW

+------------------------------------------+----------+----------+
| Component                                | Power(mW)| Share(%) |
+------------------------------------------+----------+----------+
| BRAM Static Leakage (6x36Kb tiles)        |   0.192  |   61.9   |
|   Per tile @ 25 deg C nominal: ~32 uW    |          |          |
| Clock Distribution (BUFG + MMCM)         |   0.054  |   17.4   |
| AXI-Stream Interface Logic               |   0.031  |   10.0   |
| PE Array Dynamic (LUT6 + FF activity)    |   0.025  |    8.1   |
| Miscellaneous I/O Termination            |   0.008  |    2.6   |
+------------------------------------------+----------+----------+
| TOTAL                                    |   0.310  |  100.0   |
+------------------------------------------+----------+----------+

Temperature sensitivity:
  @ 25 deg C (nominal):  0.310 mW
  @ 55 deg C:            0.480 mW
  @ 85 deg C (worst):    0.720 mW
  Budget (10 mW edge):   10.00 mW  -> margin = 9.28 mW (92.8%)

Comparison vs CNN baseline on same device:
  CNN (3-layer, ReLU, FP32):  3.800 mW  (12.3x higher)
  CNN with external DRAM:    ~3,800 mW  (12,258x higher)
  SNN (NeuroArch, INT8):      0.310 mW  <- THIS DESIGN
